zsv10pt5zsv10pt5-172